ASxxxx Linker V03.00 + NoICE + sdld,  page 1.
Hexadecimal  [32-Bits]

Area                                    Addr        Size        Decimal Bytes (Attributes)
--------------------------------        ----        ----        ------- ----- ------------
CABS                                00000000    00000000 =           0. bytes (ABS,CON,CODE)

      Value  Global                              Global Defined In Module
      -----  --------------------------------   ------------------------
C:   00000000  l_BIT_BANK                      
C:   00000000  l_BSEG                          
C:   00000000  l_BSEG_BYTES                    
C:   00000000  l_CABS                          
C:   00000000  l_CONST                         
C:   00000000  l_GSINIT                        
C:   00000000  l_GSINIT1                       
C:   00000000  l_GSINIT5                       
C:   00000000  l_IABS                          
C:   00000000  l_ISEG                          
C:   00000000  l_PSEG                          
C:   00000000  l_REG_BANK_1                    
C:   00000000  l_REG_BANK_2                    
C:   00000000  l_REG_BANK_3                    
C:   00000000  l_RSEG                          
C:   00000000  l_RSEG0                         
C:   00000000  l_RSEG1                         
C:   00000000  l_XABS                          
C:   00000000  l_XINIT                         
C:   00000000  l_XISEG                         
C:   00000000  l_XSEG                          
C:   00000000  l__CODE                         
C:   00000000  s_BSEG                          
C:   00000000  s_CABS                          
C:   00000000  s_DSEG                          
C:   00000000  s_HOME                          
C:   00000000  s_IABS                          
C:   00000000  s_ISEG                          
C:   00000000  s_REG_BANK_0                    
C:   00000000  s_RSEG                          
C:   00000000  s_RSEG0                         
C:   00000000  s_RSEG1                         
C:   00000000  s_XABS                          
C:   00000001  s_PSEG                          
C:   00000001  s_XISEG                         
C:   00000001  s_XSEG                          
C:   00000002  l_OSEG                          
C:   00000003  l_GSFINAL                       
C:   00000003  l_GSINIT0                       
C:   00000006  l_HOME                          
C:   00000006  s_GSINIT0                       
C:   00000008  l_REG_BANK_0                    
C:   00000008  s_OSEG                          
C:   00000008  s_REG_BANK_1                    
C:   00000009  s_GSINIT1                       
C:   00000009  s_GSINIT2                       
C:   0000000A  l_GSINIT2                       
C:   0000000A  s_SSEG                          
C:   00000010  s_REG_BANK_2                    
C:   00000013  s_GSINIT3                       
ASxxxx Linker V03.00 + NoICE + sdld,  page 2.
Hexadecimal  [32-Bits]

Area                                    Addr        Size        Decimal Bytes (Attributes)
--------------------------------        ----        ----        ------- ----- ------------
CABS                                00000000    00000000 =           0. bytes (ABS,CON,CODE)

      Value  Global                              Global Defined In Module
      -----  --------------------------------   ------------------------
C:   00000018  s_BIT_BANK                      
C:   00000018  s_REG_BANK_3                    
C:   00000020  s_BSEG_BYTES                    
C:   00000020  s__CODE                         
C:   00000022  l_GSINIT3                       
C:   0000002A  l_GSINIT4                       
C:   00000035  s_GSINIT4                       
C:   0000005F  s_GSFINAL                       
C:   0000005F  s_GSINIT                        
C:   0000005F  s_GSINIT5                       
C:   00000062  s_CSEG                          
C:   00000080  l_DSEG                          
C:   000000F6  l_SSEG                          
C:   00000100  l_IRAM                          
C:   00000172  l_CSEG                          
C:   000001D4  s_CONST                         
C:   000001D4  s_XINIT                         

ASxxxx Linker V03.00 + NoICE + sdld,  page 3.
Hexadecimal  [32-Bits]

Area                                    Addr        Size        Decimal Bytes (Attributes)
--------------------------------        ----        ----        ------- ----- ------------
.  .ABS.                            00000000    00000000 =           0. bytes (ABS,CON)

      Value  Global                              Global Defined In Module
      -----  --------------------------------   ------------------------
     00000000  .__.ABS.                           _startup
     00000080  _P0                                euclid
     00000080  _P0_0                              euclid
     00000081  _P0_1                              euclid
     00000081  _SP                                euclid
     00000082  _DPL                               euclid
     00000082  _P0_2                              euclid
     00000083  _DPH                               euclid
     00000083  _P0_3                              euclid
     00000084  _P0_4                              euclid
     00000085  _P0_5                              euclid
     00000086  _P0_6                              euclid
     00000087  _P0_7                              euclid
     00000087  _PCON                              euclid
     00000088  _IT0                               euclid
     00000088  _TCON                              euclid
     00000089  _IE0                               euclid
     00000089  _TMOD                              euclid
     0000008A  _IT1                               euclid
     0000008A  _TL0                               euclid
     0000008B  _IE1                               euclid
     0000008B  _TL1                               euclid
     0000008C  _TH0                               euclid
     0000008C  _TR0                               euclid
     0000008D  _TF0                               euclid
     0000008D  _TH1                               euclid
     0000008E  _TR1                               euclid
     0000008F  _TF1                               euclid
     00000090  _P1                                euclid
     00000090  _P1_0                              euclid
     00000091  _P1_1                              euclid
     00000092  _P1_2                              euclid
     00000093  _P1_3                              euclid
     00000094  _P1_4                              euclid
     00000095  _P1_5                              euclid
     00000096  _P1_6                              euclid
     00000097  _P1_7                              euclid
     00000098  _RI                                euclid
     00000098  _SCON                              euclid
     00000099  _SBUF                              euclid
     00000099  _TI                                euclid
     0000009A  _RB8                               euclid
     0000009B  _TB8                               euclid
     0000009C  _REN                               euclid
     0000009D  _SM2                               euclid
     0000009E  _SM1                               euclid
     0000009F  _SM0                               euclid
     000000A0  _P2                                euclid
     000000A0  _P2_0                              euclid
     000000A0  __XPAGE                            
ASxxxx Linker V03.00 + NoICE + sdld,  page 4.
Hexadecimal  [32-Bits]

Area                                    Addr        Size        Decimal Bytes (Attributes)
--------------------------------        ----        ----        ------- ----- ------------
.  .ABS.                            00000000    00000000 =           0. bytes (ABS,CON)

      Value  Global                              Global Defined In Module
      -----  --------------------------------   ------------------------
     000000A1  _P2_1                              euclid
     000000A2  _P2_2                              euclid
     000000A3  _P2_3                              euclid
     000000A4  _P2_4                              euclid
     000000A5  _P2_5                              euclid
     000000A6  _P2_6                              euclid
     000000A7  _P2_7                              euclid
     000000A8  _EX0                               euclid
     000000A8  _IE                                euclid
     000000A9  _ET0                               euclid
     000000AA  _EX1                               euclid
     000000AB  _ET1                               euclid
     000000AC  _ES                                euclid
     000000AF  _EA                                euclid
     000000B0  _P3                                euclid
     000000B0  _P3_0                              euclid
     000000B0  _RXD                               euclid
     000000B1  _P3_1                              euclid
     000000B1  _TXD                               euclid
     000000B2  _INT0                              euclid
     000000B2  _P3_2                              euclid
     000000B3  _INT1                              euclid
     000000B3  _P3_3                              euclid
     000000B4  _P3_4                              euclid
     000000B4  _T0                                euclid
     000000B5  _P3_5                              euclid
     000000B5  _T1                                euclid
     000000B6  _P3_6                              euclid
     000000B6  _WR                                euclid
     000000B7  _P3_7                              euclid
     000000B7  _RD                                euclid
     000000B8  _IP                                euclid
     000000B8  _PX0                               euclid
     000000B9  _PT0                               euclid
     000000BA  _PX1                               euclid
     000000BB  _PT1                               euclid
     000000BC  _PS                                euclid
     000000D0  _P                                 euclid
     000000D0  _PSW                               euclid
     000000D1  _F1                                euclid
     000000D2  _OV                                euclid
     000000D3  _RS0                               euclid
     000000D4  _RS1                               euclid
     000000D5  _F0                                euclid
     000000D6  _AC                                euclid
     000000D7  _CY                                euclid
     000000E0  _ACC                               euclid
     000000F0  _B                                 euclid

ASxxxx Linker V03.00 + NoICE + sdld,  page 5.
Hexadecimal  [32-Bits]

Area                                    Addr        Size        Decimal Bytes (Attributes)
--------------------------------        ----        ----        ------- ----- ------------
REG_BANK_0                          00000000    00000008 =           8. bytes (REL,OVR)

      Value  Global                              Global Defined In Module
      -----  --------------------------------   ------------------------
ASxxxx Linker V03.00 + NoICE + sdld,  page 6.
Hexadecimal  [32-Bits]

Area                                    Addr        Size        Decimal Bytes (Attributes)
--------------------------------        ----        ----        ------- ----- ------------
DSEG                                00000000    00000080 =         128. bytes (REL,CON)

      Value  Global                              Global Defined In Module
      -----  --------------------------------   ------------------------
ASxxxx Linker V03.00 + NoICE + sdld,  page 7.
Hexadecimal  [32-Bits]

Area                                    Addr        Size        Decimal Bytes (Attributes)
--------------------------------        ----        ----        ------- ----- ------------
OSEG                                00000008    00000002 =           2. bytes (REL,OVR)

      Value  Global                              Global Defined In Module
      -----  --------------------------------   ------------------------
     00000008  __divsint_PARM_2                   _divuint
     00000008  __divuint_PARM_2                   _divuint
     00000008  __modsint_PARM_2                   _moduint
     00000008  __moduint_PARM_2                   _moduint

ASxxxx Linker V03.00 + NoICE + sdld,  page 8.
Hexadecimal  [32-Bits]

Area                                    Addr        Size        Decimal Bytes (Attributes)
--------------------------------        ----        ----        ------- ----- ------------
SSEG                                0000000A    000000F6 =         246. bytes (REL,OVR)

      Value  Global                              Global Defined In Module
      -----  --------------------------------   ------------------------
     0000000A  __start__stack                     euclid

ASxxxx Linker V03.00 + NoICE + sdld,  page 9.
Hexadecimal  [32-Bits]

Area                                    Addr        Size        Decimal Bytes (Attributes)
--------------------------------        ----        ----        ------- ----- ------------
HOME                                00000000    00000006 =           6. bytes (REL,CON,CODE)

      Value  Global                              Global Defined In Module
      -----  --------------------------------   ------------------------
C:   00000003  __sdcc_program_startup             euclid

ASxxxx Linker V03.00 + NoICE + sdld,  page 10.
Hexadecimal  [32-Bits]

Area                                    Addr        Size        Decimal Bytes (Attributes)
--------------------------------        ----        ----        ------- ----- ------------
GSINIT0                             00000006    00000003 =           3. bytes (REL,CON,CODE)

      Value  Global                              Global Defined In Module
      -----  --------------------------------   ------------------------
C:   00000006  __sdcc_gsinit_startup              

ASxxxx Linker V03.00 + NoICE + sdld,  page 11.
Hexadecimal  [32-Bits]

Area                                    Addr        Size        Decimal Bytes (Attributes)
--------------------------------        ----        ----        ------- ----- ------------
GSINIT2                             00000009    0000000A =          10. bytes (REL,CON,CODE)

      Value  Global                              Global Defined In Module
      -----  --------------------------------   ------------------------
ASxxxx Linker V03.00 + NoICE + sdld,  page 12.
Hexadecimal  [32-Bits]

Area                                    Addr        Size        Decimal Bytes (Attributes)
--------------------------------        ----        ----        ------- ----- ------------
GSINIT3                             00000013    00000022 =          34. bytes (REL,CON,CODE)

      Value  Global                              Global Defined In Module
      -----  --------------------------------   ------------------------
C:   00000013  __mcs51_genXINIT                   

ASxxxx Linker V03.00 + NoICE + sdld,  page 13.
Hexadecimal  [32-Bits]

Area                                    Addr        Size        Decimal Bytes (Attributes)
--------------------------------        ----        ----        ------- ----- ------------
GSINIT4                             00000035    0000002A =          42. bytes (REL,CON,CODE)

      Value  Global                              Global Defined In Module
      -----  --------------------------------   ------------------------
C:   00000035  __mcs51_genRAMCLEAR                
C:   0000003B  __mcs51_genXRAMCLEAR               

ASxxxx Linker V03.00 + NoICE + sdld,  page 14.
Hexadecimal  [32-Bits]

Area                                    Addr        Size        Decimal Bytes (Attributes)
--------------------------------        ----        ----        ------- ----- ------------
GSFINAL                             0000005F    00000003 =           3. bytes (REL,CON,CODE)

      Value  Global                              Global Defined In Module
      -----  --------------------------------   ------------------------
ASxxxx Linker V03.00 + NoICE + sdld,  page 15.
Hexadecimal  [32-Bits]

Area                                    Addr        Size        Decimal Bytes (Attributes)
--------------------------------        ----        ----        ------- ----- ------------
CSEG                                00000062    00000172 =         370. bytes (REL,CON,CODE)

      Value  Global                              Global Defined In Module
      -----  --------------------------------   ------------------------
C:   00000062  _main                              euclid
C:   000000EC  __moduint                          _moduint
C:   00000139  __divuint                          _divuint
C:   00000162  __modsint                          _modsint
C:   00000198  __divsint                          _divsint
C:   000001D0  __sdcc_external_startup            _startup
ASxxxx Linker V03.00 + NoICE + sdld,  page 16.

Files Linked                              [ module(s) ]

euclid.rel                                [  ]


Libraries Linked                          [ object file ]

C:\Program Files\SDCC\bin\..\lib\small/mcs51.lib
                                          [ crtclear.rel ]
C:\Program Files\SDCC\bin\..\lib\small/mcs51.lib
                                          [ crtxinit.rel ]
C:\Program Files\SDCC\bin\..\lib\small/libint.lib
                                          [ _moduint.rel ]
C:\Program Files\SDCC\bin\..\lib\small/mcs51.lib
                                          [ crtxclear.rel ]
C:\Program Files\SDCC\bin\..\lib\small/libint.lib
                                          [ _divuint.rel ]
C:\Program Files\SDCC\bin\..\lib\small/mcs51.lib
                                          [ crtpagesfr.rel ]
C:\Program Files\SDCC\bin\..\lib\small/mcs51.lib
                                          [ crtstart.rel ]
C:\Program Files\SDCC\bin\..\lib\small/libint.lib
                                          [ _modsint.rel ]
C:\Program Files\SDCC\bin\..\lib\small/libint.lib
                                          [ _divsint.rel ]
C:\Program Files\SDCC\bin\..\lib\small/libsdcc.lib
                                          [ _startup.rel ]

ASxxxx Linker V03.00 + NoICE + sdld,  page 17.

User Base Address Definitions

HOME = 0x0000
XSEG = 0x0001
PSEG = 0x0001
ISEG = 0x0000
BSEG = 0x0000

