C51 COMPILER V9.60.0.0   EUCLID                                                            07/21/2019 19:42:32 PAGE 1   


C51 COMPILER V9.60.0.0, COMPILATION OF MODULE EUCLID
OBJECT MODULE PLACED IN .\Objects\euclid.obj
COMPILER INVOKED BY: C:\Keil_v5\C51\BIN\C51.EXE euclid.c OPTIMIZE(8,SPEED) BROWSE DEBUG OBJECTEXTEND PRINT(.\Listings\eu
                    -clid.lst) TABS(2) OBJECT(.\Objects\euclid.obj)

line level    source

   1          /*
   2          Copyright 2019 Agnese Salutari.
   3          Licensed under the Apache License, Version 2.0 (the "License");
   4          you may not use this file except in compliance with the License.
   5          You may obtain a copy of the License at
   6          
   7          http://www.apache.org/licenses/LICENSE-2.0
   8          
   9          Unless required by applicable law or agreed to in writing, software distributed under the License is distr
             -ibuted on
  10          an "AS IS" BASIS, WITHOUT WARRANTIES OR CONDITIONS OF ANY KIND, either express or implied.
  11          See the License for the specific language governing permissions and limitations under the License
  12           */
  13          
  14          /*---------------------------------------------------------------------------*/
  15          
  16          #include <reg51.h> // To use within KEIL compiler 
  17          //#include <8051.h> // To use within SDCC compiler
  18          
  19          /*---------------------------------------------------------------------------*/
  20          
  21          void main() {
  22   1          
  23   1        int x = 100;
  24   1        int y = 60;
  25   1        int a, b, q, r;
  26   1      
  27   1        // ai = bi * qi + ri, at the ith step.
  28   1        a = x;
  29   1        b = y;
  30   1        q = a / b;
  31   1        r = a % b;
  32   1        
  33   1        while(r != 0){
  34   2          // Outputs:
  35   2          P0 = a;
  36   2          P1 = b;
  37   2          P2 = q;
  38   2          P3 = r;
  39   2      
  40   2          //Next step values
  41   2          a = b;
  42   2          b = r;
  43   2          q = a / b;
  44   2          r = a % b;
  45   2        }
  46   1      
  47   1        //Now ri == 0.
  48   1        // Outputs:
  49   1        P0 = a;
  50   1        P1 = b;
  51   1        P2 = q;
  52   1        P3 = r;
  53   1      
C51 COMPILER V9.60.0.0   EUCLID                                                            07/21/2019 19:42:32 PAGE 2   

  54   1        // Program completion condictions:
  55   1        P0 = 0;
  56   1        P1 = 0;
  57   1        P2 = 0;
  58   1        P3 = 0;
  59   1        
  60   1        while(1);
  61   1      }
  62          


MODULE INFORMATION:   STATIC OVERLAYABLE
   CODE SIZE        =    100    ----
   CONSTANT SIZE    =   ----    ----
   XDATA SIZE       =   ----    ----
   PDATA SIZE       =   ----    ----
   DATA SIZE        =   ----       2
   IDATA SIZE       =   ----    ----
   BIT SIZE         =   ----    ----
END OF MODULE INFORMATION.


C51 COMPILATION COMPLETE.  0 WARNING(S),  0 ERROR(S)
